
    Finished `dev` profile [unoptimized + debuginfo] target(s) in 0.00s
